a =
b =

    a     + b     = -234704942
2 * a     - b     = -474730522
3 * a     + a / b = -709435597
4 * a * a - b     = 573372694

Signed:   a / b = -133
Signed:   a % b = -596870
Unsigned: a / b = -1358845559
Unsigned: a % b = 41390
