a =
b =

    a     + b     = -1633.904953
2 * a     - b     = -3714.272903
3 * a     + a / b = -5360.156851
4 * a * a - b     = 12712298.460855

a / b = -11.978995
