a =
b =

    a     + b     = -35864.291260
2 * a     - b     = -80349.978271
3 * a     + a / b = -116227.749282
4 * a * a - b     = 6002555545.171204

a / b = -13.479751
