24 70 ac 56 db 39 1e dd 81 29 45 b5 a7 45 84 5d 8e b8 30 21 80 46 8d 9f c 0 0 0 0 0 0 0 0 0 0 0 0 0 0 0 
