a =
b =

a ^ b             = -1873984871
a | b             = -1873984871
a & b             = 0
a << 12           = 0
a << 41           = 0
Signed: a >> 12   = -524288
Signed: a >> 41   = -1
Unsigned: a >> 12 = -524288
Unsigned: a >> 41 = 8388607
(a & b) ^ (a | b) = -1873984871
