a =
b =

a ^ b             = -10225
a | b             = -9265
a & b             = 960
a << 7            = -6272
a << 12           = -4096
Signed: a >> 7    = -249
Signed: a >> 12   = -8
Unsigned: a >> 7  = 263
Unsigned: a >> 12 = 8
(a & b) ^ (a | b) = -10225
