a =
b =

a ^ b             = -87987424
a | b             = -87163969
a & b             = 823455
a << 5            = 1503335392
a << 20           = -1980760064
Signed: a >> 5    = -2726204
Signed: a >> 20   = -84
Unsigned: a >> 5  = 131491524
Unsigned: a >> 20 = 4012
(a & b) ^ (a | b) = -87987424
