0
1
0
-1
0
1
0.000000
1.000000
0.000000
-1.000000
(nil)
0x1
0
1
0
-1
