-117
-117
139
0xfff24e8a
1.000000E+100
INF
98349
-98349
98349.000000
-98349.000000
