0: 1866861594  == 1866861594 = 1
1: 1866861594  != 1866861594 = 0
2: 1866861594 u<= 1866861594 = 1
3: 1866861594 u<  1866861594 = 0
4: 1866861594 u>= 1866861594 = 1
5: 1866861594 u>  1866861594 = 0
6: -656116387  == -656116387 = 1
7: -656116387  != -656116387 = 0
8: 3638850909 u<= 3638850909 = 1
9: 3638850909 u<  3638850909 = 0
10: 3638850909 u>= 3638850909 = 1
11: 3638850909 u>  3638850909 = 0
12: -714774611  == -714774611 = 1
13: -714774611  != -714774611 = 0
14: 3580192685 u<= 3580192685 = 1
15: 3580192685 u<  3580192685 = 0
16: 3580192685 u>= 3580192685 = 1
17: 3580192685 u>  3580192685 = 0
18: -925165067  == -925165067 = 1
19: -925165067  != -925165067 = 0
20: 3369802229 u<= 3369802229 = 1
21: 3369802229 u<  3369802229 = 0
22: 3369802229 u>= 3369802229 = 1
23: 3369802229 u>  3369802229 = 0
24: 993295403  == 993295403 = 1
25: 993295403  != 993295403 = 0
26: 993295403 u<= 993295403 = 1
27: 993295403 u<  993295403 = 0
28: 993295403 u>= 993295403 = 1
29: 993295403 u>  993295403 = 0
30: 8779831  == 6577900 = 0
31: 8779831  != 6577900 = 1
32: 229872467  == 1965637706 = 0
33: 229872467  != 1965637706 = 1
34: 258766031  == 1304608500 = 0
35: 258766031  != 1304608500 = 1
36: 1273693214  == -1459709771 = 0
37: 1273693214  != -1459709771 = 1
38: 560641350  == -25016698 = 0
39: 560641350  != -25016698 = 1
40: 444916752 u<  3029030836 = 1
41: 444916752 u>= 3029030836 = 0
42: 285175281 u<  3348735801 = 1
43: 285175281 u>= 3348735801 = 0
44: 1324085614 u<  4153121381 = 1
45: 1324085614 u>= 4153121381 = 0
46: 2844182936 u<  3906860689 = 1
47: 2844182936 u>= 3906860689 = 0
48: 1013848735 u<  1293745341 = 1
49: 1013848735 u>= 1293745341 = 0
50: 1886849250 u<= 2201415456 = 1
51: 1886849250 u>  2201415456 = 0
52: 785871704 u<= 956102016 = 1
53: 785871704 u>  956102016 = 0
54: 1269717937 u<= 2621001260 = 1
55: 1269717937 u>  2621001260 = 0
56: 499150670 u<= 2943274942 = 1
57: 499150670 u>  2943274942 = 0
58: 1256451043 u<= 2110582052 = 1
59: 1256451043 u>  2110582052 = 0
60: 3224628648 u>  2468993010 = 1
61: 3224628648 u<= 2468993010 = 0
62: 3905084366 u>  1622362552 = 1
63: 3905084366 u<= 1622362552 = 0
64: 3796089195 u>  1994656452 = 1
65: 3796089195 u<= 1994656452 = 0
66: 3813551429 u>  2599912716 = 1
67: 3813551429 u<= 2599912716 = 0
68: 4090712436 u>  3743934575 = 1
69: 4090712436 u<= 3743934575 = 0
70: 4269539940 u>= 2644299782 = 1
71: 4269539940 u<  2644299782 = 0
72: 3892956423 u>= 2964476748 = 1
73: 3892956423 u<  2964476748 = 0
74: 1936554608 u>= 1560801334 = 1
75: 1936554608 u<  1560801334 = 0
76: 2733403258 u>= 294797278 = 1
77: 2733403258 u<  294797278 = 0
78: 2341325904 u>= 744958307 = 1
79: 2341325904 u<  744958307 = 0
80: -2143167843 s<  -1379461823 = 1
81: -2143167843 s>= -1379461823 = 0
82: 1013505550 s<  1086605885 = 1
83: 1013505550 s>= 1086605885 = 0
84: -733389046 s<  -64447184 = 1
85: -733389046 s>= -64447184 = 0
86: -1454949648 s<  849486099 = 1
87: -1454949648 s>= 849486099 = 0
88: -1677740367 s<  1869846254 = 1
89: -1677740367 s>= 1869846254 = 0
90: -1983862089 s<= -1486953039 = 1
91: -1983862089 s>  -1486953039 = 0
92: -941044303 s<= 1458671524 = 1
93: -941044303 s>  1458671524 = 0
94: -1583781883 s<= -1373722847 = 1
95: -1583781883 s>  -1373722847 = 0
96: 338912702 s<= 570963994 = 1
97: 338912702 s>  570963994 = 0
98: -2037012027 s<= 273535484 = 1
99: -2037012027 s>  273535484 = 0
100: -834334069 s>  -1266071920 = 1
101: -834334069 s<= -1266071920 = 0
102: 1979990734 s>  482671438 = 1
103: 1979990734 s<= 482671438 = 0
104: 1968387033 s>  -257263513 = 1
105: 1968387033 s<= -257263513 = 0
106: 2137600224 s>  2029800099 = 1
107: 2137600224 s<= 2029800099 = 0
108: -666533924 s>  -908881356 = 1
109: -666533924 s<= -908881356 = 0
110: -281642780 s>= -2120379923 = 1
111: -281642780 s<  -2120379923 = 0
112: 1559509374 s>= 1447826418 = 1
113: 1559509374 s<  1447826418 = 0
114: 513086360 s>= 91833746 = 1
115: 513086360 s<  91833746 = 0
116: 1761732499 s>= -913989803 = 1
117: 1761732499 s<  -913989803 = 0
118: 541126451 s>= -1640516100 = 1
119: 541126451 s<  -1640516100 = 0
120: -2.13744E+18 o== -2.13744E+18 = 1
121: -2.13744E+18 o!= -2.13744E+18 = 0
122: -2.13744E+18 o<= -2.13744E+18 = 1
123: -2.13744E+18 o<  -2.13744E+18 = 0
124: -2.13744E+18 o>= -2.13744E+18 = 1
125: -2.13744E+18 o>  -2.13744E+18 = 0
126: -2.13744E+18 u== -2.13744E+18 = 1
127: -2.13744E+18 u!= -2.13744E+18 = 0
128: -2.13744E+18 u<= -2.13744E+18 = 1
129: -2.13744E+18 u<  -2.13744E+18 = 0
130: -2.13744E+18 u>= -2.13744E+18 = 1
131: -2.13744E+18 u>  -2.13744E+18 = 0
132: -2.13744E+18 ttt -2.13744E+18 = 1
133: -2.13744E+18 fff -2.13744E+18 = 0
134: -2.54429E+140 o== -2.54429E+140 = 1
135: -2.54429E+140 o!= -2.54429E+140 = 0
136: -2.54429E+140 o<= -2.54429E+140 = 1
137: -2.54429E+140 o<  -2.54429E+140 = 0
138: -2.54429E+140 o>= -2.54429E+140 = 1
139: -2.54429E+140 o>  -2.54429E+140 = 0
140: -2.54429E+140 u== -2.54429E+140 = 1
141: -2.54429E+140 u!= -2.54429E+140 = 0
142: -2.54429E+140 u<= -2.54429E+140 = 1
143: -2.54429E+140 u<  -2.54429E+140 = 0
144: -2.54429E+140 u>= -2.54429E+140 = 1
145: -2.54429E+140 u>  -2.54429E+140 = 0
146: -2.54429E+140 ttt -2.54429E+140 = 1
147: -2.54429E+140 fff -2.54429E+140 = 0
148: 6.38436E+234 o== 6.38436E+234 = 1
149: 6.38436E+234 o!= 6.38436E+234 = 0
150: 6.38436E+234 o<= 6.38436E+234 = 1
151: 6.38436E+234 o<  6.38436E+234 = 0
152: 6.38436E+234 o>= 6.38436E+234 = 1
153: 6.38436E+234 o>  6.38436E+234 = 0
154: 6.38436E+234 u== 6.38436E+234 = 1
155: 6.38436E+234 u!= 6.38436E+234 = 0
156: 6.38436E+234 u<= 6.38436E+234 = 1
157: 6.38436E+234 u<  6.38436E+234 = 0
158: 6.38436E+234 u>= 6.38436E+234 = 1
159: 6.38436E+234 u>  6.38436E+234 = 0
160: 6.38436E+234 ttt 6.38436E+234 = 1
161: 6.38436E+234 fff 6.38436E+234 = 0
162: -6.04160E-105 o== -6.04160E-105 = 1
163: -6.04160E-105 o!= -6.04160E-105 = 0
164: -6.04160E-105 o<= -6.04160E-105 = 1
165: -6.04160E-105 o<  -6.04160E-105 = 0
166: -6.04160E-105 o>= -6.04160E-105 = 1
167: -6.04160E-105 o>  -6.04160E-105 = 0
168: -6.04160E-105 u== -6.04160E-105 = 1
169: -6.04160E-105 u!= -6.04160E-105 = 0
170: -6.04160E-105 u<= -6.04160E-105 = 1
171: -6.04160E-105 u<  -6.04160E-105 = 0
172: -6.04160E-105 u>= -6.04160E-105 = 1
173: -6.04160E-105 u>  -6.04160E-105 = 0
174: -6.04160E-105 ttt -6.04160E-105 = 1
175: -6.04160E-105 fff -6.04160E-105 = 0
176: -3.44923E+205 o== -3.44923E+205 = 1
177: -3.44923E+205 o!= -3.44923E+205 = 0
178: -3.44923E+205 o<= -3.44923E+205 = 1
179: -3.44923E+205 o<  -3.44923E+205 = 0
180: -3.44923E+205 o>= -3.44923E+205 = 1
181: -3.44923E+205 o>  -3.44923E+205 = 0
182: -3.44923E+205 u== -3.44923E+205 = 1
183: -3.44923E+205 u!= -3.44923E+205 = 0
184: -3.44923E+205 u<= -3.44923E+205 = 1
185: -3.44923E+205 u<  -3.44923E+205 = 0
186: -3.44923E+205 u>= -3.44923E+205 = 1
187: -3.44923E+205 u>  -3.44923E+205 = 0
188: -3.44923E+205 ttt -3.44923E+205 = 1
189: -3.44923E+205 fff -3.44923E+205 = 0
190: -4.24056E+107 o== -3.98308E+223 = 0
191: -4.24056E+107 o!= -3.98308E+223 = 1
192: -4.24056E+107 u== -3.98308E+223 = 0
193: -4.24056E+107 u!= -3.98308E+223 = 1
194: -3.55895E-100 o== -1.37045E-231 = 0
195: -3.55895E-100 o!= -1.37045E-231 = 1
196: -3.55895E-100 u== -1.37045E-231 = 0
197: -3.55895E-100 u!= -1.37045E-231 = 1
198: -2.24692E+52 o== -4.20568E+31 = 0
199: -2.24692E+52 o!= -4.20568E+31 = 1
200: -2.24692E+52 u== -4.20568E+31 = 0
201: -2.24692E+52 u!= -4.20568E+31 = 1
202: 1.47421E+05 o== -6.44520E+93 = 0
203: 1.47421E+05 o!= -6.44520E+93 = 1
204: 1.47421E+05 u== -6.44520E+93 = 0
205: 1.47421E+05 u!= -6.44520E+93 = 1
206: 9.91292E+283 o== -3.68867E+48 = 0
207: 9.91292E+283 o!= -3.68867E+48 = 1
208: 9.91292E+283 u== -3.68867E+48 = 0
209: 9.91292E+283 u!= -3.68867E+48 = 1
210: -1.65227E-93 o<  8.16959E-204 = 1
211: -1.65227E-93 o>= 8.16959E-204 = 0
212: -1.65227E-93 u<  8.16959E-204 = 1
213: -1.65227E-93 u>= 8.16959E-204 = 0
214: -2.04837E+74 o<  3.28040E-146 = 1
215: -2.04837E+74 o>= 3.28040E-146 = 0
216: -2.04837E+74 u<  3.28040E-146 = 1
217: -2.04837E+74 u>= 3.28040E-146 = 0
218: -7.97016E+121 o<  -4.45845E-181 = 1
219: -7.97016E+121 o>= -4.45845E-181 = 0
220: -7.97016E+121 u<  -4.45845E-181 = 1
221: -7.97016E+121 u>= -4.45845E-181 = 0
222: -5.89880E+294 o<  -3.51634E-112 = 1
223: -5.89880E+294 o>= -3.51634E-112 = 0
224: -5.89880E+294 u<  -3.51634E-112 = 1
225: -5.89880E+294 u>= -3.51634E-112 = 0
226: -2.08649E+159 o<  1.30565E-82 = 1
227: -2.08649E+159 o>= 1.30565E-82 = 0
228: -2.08649E+159 u<  1.30565E-82 = 1
229: -2.08649E+159 u>= 1.30565E-82 = 0
230: -7.58527E+123 o<= 1.40415E-173 = 1
231: -7.58527E+123 o>  1.40415E-173 = 0
232: -7.58527E+123 u<= 1.40415E-173 = 1
233: -7.58527E+123 u>  1.40415E-173 = 0
234: -1.48495E-21 o<= 3.68426E+66 = 1
235: -1.48495E-21 o>  3.68426E+66 = 0
236: -1.48495E-21 u<= 3.68426E+66 = 1
237: -1.48495E-21 u>  3.68426E+66 = 0
238: -1.20175E+202 o<= -1.46760E+07 = 1
239: -1.20175E+202 o>  -1.46760E+07 = 0
240: -1.20175E+202 u<= -1.46760E+07 = 1
241: -1.20175E+202 u>  -1.46760E+07 = 0
242: -9.37678E+64 o<= -3.70671E+04 = 1
243: -9.37678E+64 o>  -3.70671E+04 = 0
244: -9.37678E+64 u<= -3.70671E+04 = 1
245: -9.37678E+64 u>  -3.70671E+04 = 0
246: -6.30363E+238 o<= 2.67006E+43 = 1
247: -6.30363E+238 o>  2.67006E+43 = 0
248: -6.30363E+238 u<= 2.67006E+43 = 1
249: -6.30363E+238 u>  2.67006E+43 = 0
250: 1.78903E-203 o>  -1.20933E-158 = 1
251: 1.78903E-203 o<= -1.20933E-158 = 0
252: 1.78903E-203 u>  -1.20933E-158 = 1
253: 1.78903E-203 u<= -1.20933E-158 = 0
254: -1.33758E-158 o>  -4.01920E+170 = 1
255: -1.33758E-158 o<= -4.01920E+170 = 0
256: -1.33758E-158 u>  -4.01920E+170 = 1
257: -1.33758E-158 u<= -4.01920E+170 = 0
258: 1.39004E+293 o>  -3.38993E-95 = 1
259: 1.39004E+293 o<= -3.38993E-95 = 0
260: 1.39004E+293 u>  -3.38993E-95 = 1
261: 1.39004E+293 u<= -3.38993E-95 = 0
262: 1.83375E+30 o>  -2.23437E+31 = 1
263: 1.83375E+30 o<= -2.23437E+31 = 0
264: 1.83375E+30 u>  -2.23437E+31 = 1
265: 1.83375E+30 u<= -2.23437E+31 = 0
266: -1.20265E-27 o>  -2.36842E+01 = 1
267: -1.20265E-27 o<= -2.36842E+01 = 0
268: -1.20265E-27 u>  -2.36842E+01 = 1
269: -1.20265E-27 u<= -2.36842E+01 = 0
270: -3.65607E-85 o>= -3.10102E+40 = 1
271: -3.65607E-85 o<  -3.10102E+40 = 0
272: -3.65607E-85 u>= -3.10102E+40 = 1
273: -3.65607E-85 u<  -3.10102E+40 = 0
274: 1.86364E+297 o>= 9.59896E+54 = 1
275: 1.86364E+297 o<  9.59896E+54 = 0
276: 1.86364E+297 u>= 9.59896E+54 = 1
277: 1.86364E+297 u<  9.59896E+54 = 0
278: -4.61124E-170 o>= -9.47674E-74 = 1
279: -4.61124E-170 o<  -9.47674E-74 = 0
280: -4.61124E-170 u>= -9.47674E-74 = 1
281: -4.61124E-170 u<  -9.47674E-74 = 0
282: 8.26480E-115 o>= -1.21637E+252 = 1
283: 8.26480E-115 o<  -1.21637E+252 = 0
284: 8.26480E-115 u>= -1.21637E+252 = 1
285: 8.26480E-115 u<  -1.21637E+252 = 0
286: 1.15523E+269 o>= -1.86179E+111 = 1
287: 1.15523E+269 o<  -1.86179E+111 = 0
288: 1.15523E+269 u>= -1.86179E+111 = 1
289: 1.15523E+269 u<  -1.86179E+111 = 0
290: -1.45713E+209 ord -2.19833E+15 = 1
291: -1.45713E+209 o== -2.19833E+15 = 0
292: -1.45713E+209 o!= -2.19833E+15 = 1
293: -1.45713E+209 o>  -2.19833E+15 = 0
294: -1.45713E+209 o>= -2.19833E+15 = 0
295: -1.45713E+209 o<  -2.19833E+15 = 1
296: -1.45713E+209 o<= -2.19833E+15 = 1
297: -1.45713E+209 ord NAN = 0
298: -1.45713E+209 o== NAN = 0
299: -1.45713E+209 o!= NAN = 0
300: -1.45713E+209 o>  NAN = 0
301: -1.45713E+209 o>= NAN = 0
302: -1.45713E+209 o<  NAN = 0
303: -1.45713E+209 o<= NAN = 0
304: -1.45713E+209 ord INF = 1
305: -1.45713E+209 o== INF = 0
306: -1.45713E+209 o!= INF = 1
307: -1.45713E+209 o>  INF = 0
308: -1.45713E+209 o>= INF = 0
309: -1.45713E+209 o<  INF = 1
310: -1.45713E+209 o<= INF = 1
311: -1.45713E+209 ord -INF = 1
312: -1.45713E+209 o== -INF = 0
313: -1.45713E+209 o!= -INF = 1
314: -1.45713E+209 o>  -INF = 1
315: -1.45713E+209 o>= -INF = 1
316: -1.45713E+209 o<  -INF = 0
317: -1.45713E+209 o<= -INF = 0
318: NAN ord -2.19833E+15 = 0
319: NAN o== -2.19833E+15 = 0
320: NAN o!= -2.19833E+15 = 0
321: NAN o>  -2.19833E+15 = 0
322: NAN o>= -2.19833E+15 = 0
323: NAN o<  -2.19833E+15 = 0
324: NAN o<= -2.19833E+15 = 0
325: NAN ord NAN = 0
326: NAN o== NAN = 0
327: NAN o!= NAN = 0
328: NAN o>  NAN = 0
329: NAN o>= NAN = 0
330: NAN o<  NAN = 0
331: NAN o<= NAN = 0
332: NAN ord INF = 0
333: NAN o== INF = 0
334: NAN o!= INF = 0
335: NAN o>  INF = 0
336: NAN o>= INF = 0
337: NAN o<  INF = 0
338: NAN o<= INF = 0
339: NAN ord -INF = 0
340: NAN o== -INF = 0
341: NAN o!= -INF = 0
342: NAN o>  -INF = 0
343: NAN o>= -INF = 0
344: NAN o<  -INF = 0
345: NAN o<= -INF = 0
346: INF ord -2.19833E+15 = 1
347: INF o== -2.19833E+15 = 0
348: INF o!= -2.19833E+15 = 1
349: INF o>  -2.19833E+15 = 1
350: INF o>= -2.19833E+15 = 1
351: INF o<  -2.19833E+15 = 0
352: INF o<= -2.19833E+15 = 0
353: INF ord NAN = 0
354: INF o== NAN = 0
355: INF o!= NAN = 0
356: INF o>  NAN = 0
357: INF o>= NAN = 0
358: INF o<  NAN = 0
359: INF o<= NAN = 0
360: INF ord INF = 1
361: INF o== INF = 1
362: INF o!= INF = 0
363: INF o>  INF = 0
364: INF o>= INF = 1
365: INF o<  INF = 0
366: INF o<= INF = 1
367: INF ord -INF = 1
368: INF o== -INF = 0
369: INF o!= -INF = 1
370: INF o>  -INF = 1
371: INF o>= -INF = 1
372: INF o<  -INF = 0
373: INF o<= -INF = 0
374: -INF ord -2.19833E+15 = 1
375: -INF o== -2.19833E+15 = 0
376: -INF o!= -2.19833E+15 = 1
377: -INF o>  -2.19833E+15 = 0
378: -INF o>= -2.19833E+15 = 0
379: -INF o<  -2.19833E+15 = 1
380: -INF o<= -2.19833E+15 = 1
381: -INF ord NAN = 0
382: -INF o== NAN = 0
383: -INF o!= NAN = 0
384: -INF o>  NAN = 0
385: -INF o>= NAN = 0
386: -INF o<  NAN = 0
387: -INF o<= NAN = 0
388: -INF ord INF = 1
389: -INF o== INF = 0
390: -INF o!= INF = 1
391: -INF o>  INF = 0
392: -INF o>= INF = 0
393: -INF o<  INF = 1
394: -INF o<= INF = 1
395: -INF ord -INF = 1
396: -INF o== -INF = 1
397: -INF o!= -INF = 0
398: -INF o>  -INF = 0
399: -INF o>= -INF = 1
400: -INF o<  -INF = 0
401: -INF o<= -INF = 1
402: -7.83719E-139 ord -1.30931E+59 = 1
403: -7.83719E-139 o== -1.30931E+59 = 0
404: -7.83719E-139 o!= -1.30931E+59 = 1
405: -7.83719E-139 o>  -1.30931E+59 = 1
406: -7.83719E-139 o>= -1.30931E+59 = 1
407: -7.83719E-139 o<  -1.30931E+59 = 0
408: -7.83719E-139 o<= -1.30931E+59 = 0
409: -7.83719E-139 ord NAN = 0
410: -7.83719E-139 o== NAN = 0
411: -7.83719E-139 o!= NAN = 0
412: -7.83719E-139 o>  NAN = 0
413: -7.83719E-139 o>= NAN = 0
414: -7.83719E-139 o<  NAN = 0
415: -7.83719E-139 o<= NAN = 0
416: -7.83719E-139 ord INF = 1
417: -7.83719E-139 o== INF = 0
418: -7.83719E-139 o!= INF = 1
419: -7.83719E-139 o>  INF = 0
420: -7.83719E-139 o>= INF = 0
421: -7.83719E-139 o<  INF = 1
422: -7.83719E-139 o<= INF = 1
423: -7.83719E-139 ord -INF = 1
424: -7.83719E-139 o== -INF = 0
425: -7.83719E-139 o!= -INF = 1
426: -7.83719E-139 o>  -INF = 1
427: -7.83719E-139 o>= -INF = 1
428: -7.83719E-139 o<  -INF = 0
429: -7.83719E-139 o<= -INF = 0
430: NAN ord -1.30931E+59 = 0
431: NAN o== -1.30931E+59 = 0
432: NAN o!= -1.30931E+59 = 0
433: NAN o>  -1.30931E+59 = 0
434: NAN o>= -1.30931E+59 = 0
435: NAN o<  -1.30931E+59 = 0
436: NAN o<= -1.30931E+59 = 0
437: NAN ord NAN = 0
438: NAN o== NAN = 0
439: NAN o!= NAN = 0
440: NAN o>  NAN = 0
441: NAN o>= NAN = 0
442: NAN o<  NAN = 0
443: NAN o<= NAN = 0
444: NAN ord INF = 0
445: NAN o== INF = 0
446: NAN o!= INF = 0
447: NAN o>  INF = 0
448: NAN o>= INF = 0
449: NAN o<  INF = 0
450: NAN o<= INF = 0
451: NAN ord -INF = 0
452: NAN o== -INF = 0
453: NAN o!= -INF = 0
454: NAN o>  -INF = 0
455: NAN o>= -INF = 0
456: NAN o<  -INF = 0
457: NAN o<= -INF = 0
458: INF ord -1.30931E+59 = 1
459: INF o== -1.30931E+59 = 0
460: INF o!= -1.30931E+59 = 1
461: INF o>  -1.30931E+59 = 1
462: INF o>= -1.30931E+59 = 1
463: INF o<  -1.30931E+59 = 0
464: INF o<= -1.30931E+59 = 0
465: INF ord NAN = 0
466: INF o== NAN = 0
467: INF o!= NAN = 0
468: INF o>  NAN = 0
469: INF o>= NAN = 0
470: INF o<  NAN = 0
471: INF o<= NAN = 0
472: INF ord INF = 1
473: INF o== INF = 1
474: INF o!= INF = 0
475: INF o>  INF = 0
476: INF o>= INF = 1
477: INF o<  INF = 0
478: INF o<= INF = 1
479: INF ord -INF = 1
480: INF o== -INF = 0
481: INF o!= -INF = 1
482: INF o>  -INF = 1
483: INF o>= -INF = 1
484: INF o<  -INF = 0
485: INF o<= -INF = 0
486: -INF ord -1.30931E+59 = 1
487: -INF o== -1.30931E+59 = 0
488: -INF o!= -1.30931E+59 = 1
489: -INF o>  -1.30931E+59 = 0
490: -INF o>= -1.30931E+59 = 0
491: -INF o<  -1.30931E+59 = 1
492: -INF o<= -1.30931E+59 = 1
493: -INF ord NAN = 0
494: -INF o== NAN = 0
495: -INF o!= NAN = 0
496: -INF o>  NAN = 0
497: -INF o>= NAN = 0
498: -INF o<  NAN = 0
499: -INF o<= NAN = 0
500: -INF ord INF = 1
501: -INF o== INF = 0
502: -INF o!= INF = 1
503: -INF o>  INF = 0
504: -INF o>= INF = 0
505: -INF o<  INF = 1
506: -INF o<= INF = 1
507: -INF ord -INF = 1
508: -INF o== -INF = 1
509: -INF o!= -INF = 0
510: -INF o>  -INF = 0
511: -INF o>= -INF = 1
512: -INF o<  -INF = 0
513: -INF o<= -INF = 1
514: 1.05275E+35 uno 8.95353E-256 = 0
515: 1.05275E+35 u== 8.95353E-256 = 0
516: 1.05275E+35 u!= 8.95353E-256 = 1
517: 1.05275E+35 u>  8.95353E-256 = 1
518: 1.05275E+35 u>= 8.95353E-256 = 1
519: 1.05275E+35 u<  8.95353E-256 = 0
520: 1.05275E+35 u<= 8.95353E-256 = 0
521: 1.05275E+35 uno NAN = 1
522: 1.05275E+35 u== NAN = 1
523: 1.05275E+35 u!= NAN = 1
524: 1.05275E+35 u>  NAN = 1
525: 1.05275E+35 u>= NAN = 1
526: 1.05275E+35 u<  NAN = 1
527: 1.05275E+35 u<= NAN = 1
528: 1.05275E+35 uno INF = 0
529: 1.05275E+35 u== INF = 0
530: 1.05275E+35 u!= INF = 1
531: 1.05275E+35 u>  INF = 0
532: 1.05275E+35 u>= INF = 0
533: 1.05275E+35 u<  INF = 1
534: 1.05275E+35 u<= INF = 1
535: 1.05275E+35 uno -INF = 0
536: 1.05275E+35 u== -INF = 0
537: 1.05275E+35 u!= -INF = 1
538: 1.05275E+35 u>  -INF = 1
539: 1.05275E+35 u>= -INF = 1
540: 1.05275E+35 u<  -INF = 0
541: 1.05275E+35 u<= -INF = 0
542: NAN uno 8.95353E-256 = 1
543: NAN u== 8.95353E-256 = 1
544: NAN u!= 8.95353E-256 = 1
545: NAN u>  8.95353E-256 = 1
546: NAN u>= 8.95353E-256 = 1
547: NAN u<  8.95353E-256 = 1
548: NAN u<= 8.95353E-256 = 1
549: NAN uno NAN = 1
550: NAN u== NAN = 1
551: NAN u!= NAN = 1
552: NAN u>  NAN = 1
553: NAN u>= NAN = 1
554: NAN u<  NAN = 1
555: NAN u<= NAN = 1
556: NAN uno INF = 1
557: NAN u== INF = 1
558: NAN u!= INF = 1
559: NAN u>  INF = 1
560: NAN u>= INF = 1
561: NAN u<  INF = 1
562: NAN u<= INF = 1
563: NAN uno -INF = 1
564: NAN u== -INF = 1
565: NAN u!= -INF = 1
566: NAN u>  -INF = 1
567: NAN u>= -INF = 1
568: NAN u<  -INF = 1
569: NAN u<= -INF = 1
570: INF uno 8.95353E-256 = 0
571: INF u== 8.95353E-256 = 0
572: INF u!= 8.95353E-256 = 1
573: INF u>  8.95353E-256 = 1
574: INF u>= 8.95353E-256 = 1
575: INF u<  8.95353E-256 = 0
576: INF u<= 8.95353E-256 = 0
577: INF uno NAN = 1
578: INF u== NAN = 1
579: INF u!= NAN = 1
580: INF u>  NAN = 1
581: INF u>= NAN = 1
582: INF u<  NAN = 1
583: INF u<= NAN = 1
584: INF uno INF = 0
585: INF u== INF = 1
586: INF u!= INF = 0
587: INF u>  INF = 0
588: INF u>= INF = 1
589: INF u<  INF = 0
590: INF u<= INF = 1
591: INF uno -INF = 0
592: INF u== -INF = 0
593: INF u!= -INF = 1
594: INF u>  -INF = 1
595: INF u>= -INF = 1
596: INF u<  -INF = 0
597: INF u<= -INF = 0
598: -INF uno 8.95353E-256 = 0
599: -INF u== 8.95353E-256 = 0
600: -INF u!= 8.95353E-256 = 1
601: -INF u>  8.95353E-256 = 0
602: -INF u>= 8.95353E-256 = 0
603: -INF u<  8.95353E-256 = 1
604: -INF u<= 8.95353E-256 = 1
605: -INF uno NAN = 1
606: -INF u== NAN = 1
607: -INF u!= NAN = 1
608: -INF u>  NAN = 1
609: -INF u>= NAN = 1
610: -INF u<  NAN = 1
611: -INF u<= NAN = 1
612: -INF uno INF = 0
613: -INF u== INF = 0
614: -INF u!= INF = 1
615: -INF u>  INF = 0
616: -INF u>= INF = 0
617: -INF u<  INF = 1
618: -INF u<= INF = 1
619: -INF uno -INF = 0
620: -INF u== -INF = 1
621: -INF u!= -INF = 0
622: -INF u>  -INF = 0
623: -INF u>= -INF = 1
624: -INF u<  -INF = 0
625: -INF u<= -INF = 1
626: 1.73934E-263 uno -1.42661E-28 = 0
627: 1.73934E-263 u== -1.42661E-28 = 0
628: 1.73934E-263 u!= -1.42661E-28 = 1
629: 1.73934E-263 u>  -1.42661E-28 = 1
630: 1.73934E-263 u>= -1.42661E-28 = 1
631: 1.73934E-263 u<  -1.42661E-28 = 0
632: 1.73934E-263 u<= -1.42661E-28 = 0
633: 1.73934E-263 uno NAN = 1
634: 1.73934E-263 u== NAN = 1
635: 1.73934E-263 u!= NAN = 1
636: 1.73934E-263 u>  NAN = 1
637: 1.73934E-263 u>= NAN = 1
638: 1.73934E-263 u<  NAN = 1
639: 1.73934E-263 u<= NAN = 1
640: 1.73934E-263 uno INF = 0
641: 1.73934E-263 u== INF = 0
642: 1.73934E-263 u!= INF = 1
643: 1.73934E-263 u>  INF = 0
644: 1.73934E-263 u>= INF = 0
645: 1.73934E-263 u<  INF = 1
646: 1.73934E-263 u<= INF = 1
647: 1.73934E-263 uno -INF = 0
648: 1.73934E-263 u== -INF = 0
649: 1.73934E-263 u!= -INF = 1
650: 1.73934E-263 u>  -INF = 1
651: 1.73934E-263 u>= -INF = 1
652: 1.73934E-263 u<  -INF = 0
653: 1.73934E-263 u<= -INF = 0
654: NAN uno -1.42661E-28 = 1
655: NAN u== -1.42661E-28 = 1
656: NAN u!= -1.42661E-28 = 1
657: NAN u>  -1.42661E-28 = 1
658: NAN u>= -1.42661E-28 = 1
659: NAN u<  -1.42661E-28 = 1
660: NAN u<= -1.42661E-28 = 1
661: NAN uno NAN = 1
662: NAN u== NAN = 1
663: NAN u!= NAN = 1
664: NAN u>  NAN = 1
665: NAN u>= NAN = 1
666: NAN u<  NAN = 1
667: NAN u<= NAN = 1
668: NAN uno INF = 1
669: NAN u== INF = 1
670: NAN u!= INF = 1
671: NAN u>  INF = 1
672: NAN u>= INF = 1
673: NAN u<  INF = 1
674: NAN u<= INF = 1
675: NAN uno -INF = 1
676: NAN u== -INF = 1
677: NAN u!= -INF = 1
678: NAN u>  -INF = 1
679: NAN u>= -INF = 1
680: NAN u<  -INF = 1
681: NAN u<= -INF = 1
682: INF uno -1.42661E-28 = 0
683: INF u== -1.42661E-28 = 0
684: INF u!= -1.42661E-28 = 1
685: INF u>  -1.42661E-28 = 1
686: INF u>= -1.42661E-28 = 1
687: INF u<  -1.42661E-28 = 0
688: INF u<= -1.42661E-28 = 0
689: INF uno NAN = 1
690: INF u== NAN = 1
691: INF u!= NAN = 1
692: INF u>  NAN = 1
693: INF u>= NAN = 1
694: INF u<  NAN = 1
695: INF u<= NAN = 1
696: INF uno INF = 0
697: INF u== INF = 1
698: INF u!= INF = 0
699: INF u>  INF = 0
700: INF u>= INF = 1
701: INF u<  INF = 0
702: INF u<= INF = 1
703: INF uno -INF = 0
704: INF u== -INF = 0
705: INF u!= -INF = 1
706: INF u>  -INF = 1
707: INF u>= -INF = 1
708: INF u<  -INF = 0
709: INF u<= -INF = 0
710: -INF uno -1.42661E-28 = 0
711: -INF u== -1.42661E-28 = 0
712: -INF u!= -1.42661E-28 = 1
713: -INF u>  -1.42661E-28 = 0
714: -INF u>= -1.42661E-28 = 0
715: -INF u<  -1.42661E-28 = 1
716: -INF u<= -1.42661E-28 = 1
717: -INF uno NAN = 1
718: -INF u== NAN = 1
719: -INF u!= NAN = 1
720: -INF u>  NAN = 1
721: -INF u>= NAN = 1
722: -INF u<  NAN = 1
723: -INF u<= NAN = 1
724: -INF uno INF = 0
725: -INF u== INF = 0
726: -INF u!= INF = 1
727: -INF u>  INF = 0
728: -INF u>= INF = 0
729: -INF u<  INF = 1
730: -INF u<= INF = 1
731: -INF uno -INF = 0
732: -INF u== -INF = 1
733: -INF u!= -INF = 0
734: -INF u>  -INF = 0
735: -INF u>= -INF = 1
736: -INF u<  -INF = 0
737: -INF u<= -INF = 1
