0
0.000000
1
1.000000
2
2.000000
3
3.000000
4
4.000000
5
5.000000
6
6.000000
7
7.000000
8
8.000000
9
9.000000
