loop 0
loop 1
loop 2
loop 3
loop 4
loop 5
loop 6
loop 7
loop 8
loop 9
loop 10
loop 11
