Test
AAAAAAAAA
AAAAAAAAAAAAAA
3.158829
20888.234408
2.300403
3.318780
0.999052
21551.484942
1008.643055
469762048
3
27
2
