loop 1: 0
loop 1: 1
loop 2: 0, 1
loop 1: 2
loop 2: 0, 3
loop 2: 1, 9
loop 1: 3
loop 2: 0, 27
loop 2: 1, 81
loop 2: 2, 243
loop 1: 4
loop 2: 0, 729
loop 2: 1, 2187
loop 2: 2, 6561
loop 2: 3, 19683
loop 1: 5
loop 2: 0, 59049
loop 2: 1, 177147
loop 2: 2, 531441
loop 2: 3, 1594323
loop 2: 4, 4782969
loop 3: 6
loop 3: 5
loop 3: 4
loop 3: 3
loop 3: 2
loop 3: 1
